// Jest Snapshot v1, https://goo.gl/fbAQLP

exports[`App is correctly loaded 1`] = `
<div>
  <label />
  <button
    key="button-number-0"
    onClick={[Function]}
  >
    0
  </button>
  <button
    key="button-number-1"
    onClick={[Function]}
  >
    1
  </button>
  <button
    key="button-number-2"
    onClick={[Function]}
  >
    2
  </button>
  <button
    key="button-number-3"
    onClick={[Function]}
  >
    3
  </button>
  <button
    key="button-number-4"
    onClick={[Function]}
  >
    4
  </button>
  <button
    key="button-number-5"
    onClick={[Function]}
  >
    5
  </button>
  <button
    key="button-number-6"
    onClick={[Function]}
  >
    6
  </button>
  <button
    key="button-number-7"
    onClick={[Function]}
  >
    7
  </button>
  <button
    key="button-number-8"
    onClick={[Function]}
  >
    8
  </button>
  <button
    key="button-number-9"
    onClick={[Function]}
  >
    9
  </button>
  <button
    onClick={[Function]}
  >
    +
  </button>
  <button
    onClick={[Function]}
  >
    -
  </button>
  <button
    onClick={[Function]}
  >
    /
  </button>
  <button
    onClick={[Function]}
  >
    *
  </button>
  <button
    onClick={[Function]}
  >
    =
  </button>
</div>
`;
